  main.cpp
E:\Project1\Game.hpp(130,30): warning C4244: 'initializing': conversion from 'int' to 'float', possible loss of data
  (compiling source file 'main.cpp')
  
E:\Project1\Game.hpp(131,31): warning C4244: 'initializing': conversion from 'int' to 'float', possible loss of data
  (compiling source file 'main.cpp')
  
E:\Project1\Game.hpp(349,51): warning C4018: '<': signed/unsigned mismatch
  (compiling source file 'main.cpp')
  
E:\Project1\Game.hpp(364,17): warning C4244: 'initializing': conversion from 'float' to 'int', possible loss of data
  (compiling source file 'main.cpp')
  
E:\Project1\Game.hpp(365,17): warning C4244: 'initializing': conversion from 'float' to 'int', possible loss of data
  (compiling source file 'main.cpp')
  
E:\Project1\Game.hpp(558,27): warning C4244: 'initializing': conversion from 'T' to 'int', possible loss of data
E:\Project1\Game.hpp(558,27): warning C4244:         with
E:\Project1\Game.hpp(558,27): warning C4244:         [
E:\Project1\Game.hpp(558,27): warning C4244:             T=float
E:\Project1\Game.hpp(558,27): warning C4244:         ]
  (compiling source file 'main.cpp')
  
E:\Project1\Game.hpp(559,27): warning C4244: 'initializing': conversion from 'T' to 'int', possible loss of data
E:\Project1\Game.hpp(559,27): warning C4244:         with
E:\Project1\Game.hpp(559,27): warning C4244:         [
E:\Project1\Game.hpp(559,27): warning C4244:             T=float
E:\Project1\Game.hpp(559,27): warning C4244:         ]
  (compiling source file 'main.cpp')
  
main.obj : error LNK2019: unresolved external symbol "__declspec(dllimport) public: __thiscall sf::String::String(char const *,class std::locale const &)" (__imp_??0String@sf@@QAE@PBDABVlocale@std@@@Z) referenced in function "public: __thiscall Game::Game(void)" (??0Game@@QAE@XZ)
main.obj : error LNK2019: unresolved external symbol "__declspec(dllimport) public: __thiscall sf::String::String(class std::basic_string<char,struct std::char_traits<char>,class std::allocator<char> > const &,class std::locale const &)" (__imp_??0String@sf@@QAE@ABV?$basic_string@DU?$char_traits@D@std@@V?$allocator@D@2@@std@@ABVlocale@3@@Z) referenced in function "public: void __thiscall Scoreboard::updateScore(int)" (?updateScore@Scoreboard@@QAEXH@Z)
main.obj : error LNK2019: unresolved external symbol "__declspec(dllimport) public: __thiscall sf::String::~String(void)" (__imp_??1String@sf@@QAE@XZ) referenced in function "public: __thiscall Game::Game(void)" (??0Game@@QAE@XZ)
main.obj : error LNK2019: unresolved external symbol "__declspec(dllimport) public: static bool __cdecl sf::Keyboard::isKeyPressed(enum sf::Keyboard::Key)" (__imp_?isKeyPressed@Keyboard@sf@@SA_NW4Key@12@@Z) referenced in function "public: virtual void __thiscall GamePlayState::handleInput(class sf::RenderWindow &)" (?handleInput@GamePlayState@@UAEXAAVRenderWindow@sf@@@Z)
main.obj : error LNK2019: unresolved external symbol "__declspec(dllimport) public: static bool __cdecl sf::Mouse::isButtonPressed(enum sf::Mouse::Button)" (__imp_?isButtonPressed@Mouse@sf@@SA_NW4Button@12@@Z) referenced in function "public: virtual void __thiscall MenuState::handleInput(class sf::RenderWindow &)" (?handleInput@MenuState@@UAEXAAVRenderWindow@sf@@@Z)
main.obj : error LNK2019: unresolved external symbol "__declspec(dllimport) public: static class sf::Vector2<int> __cdecl sf::Mouse::getPosition(class sf::WindowBase const &)" (__imp_?getPosition@Mouse@sf@@SA?AV?$Vector2@H@2@ABVWindowBase@2@@Z) referenced in function "public: virtual void __thiscall MenuState::handleInput(class sf::RenderWindow &)" (?handleInput@MenuState@@UAEXAAVRenderWindow@sf@@@Z)
main.obj : error LNK2019: unresolved external symbol "__declspec(dllimport) public: __thiscall sf::VideoMode::VideoMode(unsigned int,unsigned int,unsigned int)" (__imp_??0VideoMode@sf@@QAE@III@Z) referenced in function "public: __thiscall Game::Game(void)" (??0Game@@QAE@XZ)
main.obj : error LNK2019: unresolved external symbol "__declspec(dllimport) public: bool __thiscall sf::WindowBase::isOpen(void)const " (__imp_?isOpen@WindowBase@sf@@QBE_NXZ) referenced in function "public: void __thiscall Game::run(void)" (?run@Game@@QAEXXZ)
main.obj : error LNK2019: unresolved external symbol "__declspec(dllimport) public: bool __thiscall sf::WindowBase::pollEvent(class sf::Event &)" (__imp_?pollEvent@WindowBase@sf@@QAE_NAAVEvent@2@@Z) referenced in function "public: void __thiscall Game::run(void)" (?run@Game@@QAEXXZ)
main.obj : error LNK2019: unresolved external symbol "__declspec(dllimport) public: void __thiscall sf::Window::display(void)" (__imp_?display@Window@sf@@QAEXXZ) referenced in function "public: void __thiscall Game::run(void)" (?run@Game@@QAEXXZ)
main.obj : error LNK2019: unresolved external symbol "__declspec(dllimport) public: void __thiscall sf::Transformable::setPosition(float,float)" (__imp_?setPosition@Transformable@sf@@QAEXMM@Z) referenced in function "public: __thiscall GamePlayState::GamePlayState(void)" (??0GamePlayState@@QAE@XZ)
main.obj : error LNK2019: unresolved external symbol "__declspec(dllimport) public: void __thiscall sf::Transformable::setPosition(class sf::Vector2<float> const &)" (__imp_?setPosition@Transformable@sf@@QAEXABV?$Vector2@M@2@@Z) referenced in function "public: __thiscall Bullet::Bullet(float,float,class sf::Vector2<float> const &,class std::basic_string<char,struct std::char_traits<char>,class std::allocator<char> > const &)" (??0Bullet@@QAE@MMABV?$Vector2@M@sf@@ABV?$basic_string@DU?$char_traits@D@std@@V?$allocator@D@2@@std@@@Z)
main.obj : error LNK2019: unresolved external symbol "__declspec(dllimport) public: void __thiscall sf::Transformable::setRotation(float)" (__imp_?setRotation@Transformable@sf@@QAEXM@Z) referenced in function "private: void __thiscall Bullet::updateRotation(void)" (?updateRotation@Bullet@@AAEXXZ)
main.obj : error LNK2019: unresolved external symbol "__declspec(dllimport) public: void __thiscall sf::Transformable::setScale(float,float)" (__imp_?setScale@Transformable@sf@@QAEXMM@Z) referenced in function "public: __thiscall Bullet::Bullet(float,float,class sf::Vector2<float> const &,class std::basic_string<char,struct std::char_traits<char>,class std::allocator<char> > const &)" (??0Bullet@@QAE@MMABV?$Vector2@M@sf@@ABV?$basic_string@DU?$char_traits@D@std@@V?$allocator@D@2@@std@@@Z)
main.obj : error LNK2019: unresolved external symbol "__declspec(dllimport) public: void __thiscall sf::Transformable::setOrigin(float,float)" (__imp_?setOrigin@Transformable@sf@@QAEXMM@Z) referenced in function "public: __thiscall Bullet::Bullet(float,float,class sf::Vector2<float> const &,class std::basic_string<char,struct std::char_traits<char>,class std::allocator<char> > const &)" (??0Bullet@@QAE@MMABV?$Vector2@M@sf@@ABV?$basic_string@DU?$char_traits@D@std@@V?$allocator@D@2@@std@@@Z)
main.obj : error LNK2019: unresolved external symbol "__declspec(dllimport) public: __thiscall sf::Color::Color(unsigned char,unsigned char,unsigned char,unsigned char)" (__imp_??0Color@sf@@QAE@EEEE@Z) referenced in function "public: __thiscall GamePlayState::GamePlayState(void)" (??0GamePlayState@@QAE@XZ)
main.obj : error LNK2019: unresolved external symbol "__declspec(dllimport) public: void __thiscall sf::Shape::setTextureRect(class sf::Rect<int> const &)" (__imp_?setTextureRect@Shape@sf@@QAEXABV?$Rect@H@2@@Z) referenced in function "public: __thiscall GamePlayState::GamePlayState(void)" (??0GamePlayState@@QAE@XZ)
main.obj : error LNK2019: unresolved external symbol "__declspec(dllimport) public: void __thiscall sf::Shape::setFillColor(class sf::Color const &)" (__imp_?setFillColor@Shape@sf@@QAEXABVColor@2@@Z) referenced in function "public: __thiscall GamePlayState::GamePlayState(void)" (??0GamePlayState@@QAE@XZ)
main.obj : error LNK2019: unresolved external symbol "__declspec(dllimport) public: __thiscall sf::Texture::Texture(void)" (__imp_??0Texture@sf@@QAE@XZ) referenced in function "public: __thiscall Bullet::Bullet(float,float,class sf::Vector2<float> const &,class std::basic_string<char,struct std::char_traits<char>,class std::allocator<char> > const &)" (??0Bullet@@QAE@MMABV?$Vector2@M@sf@@ABV?$basic_string@DU?$char_traits@D@std@@V?$allocator@D@2@@std@@@Z)
main.obj : error LNK2019: unresolved external symbol "__declspec(dllimport) public: __thiscall sf::Texture::Texture(class sf::Texture const &)" (__imp_??0Texture@sf@@QAE@ABV01@@Z) referenced in function "public: static void __cdecl std::_Default_allocator_traits<class std::allocator<class sf::Texture> >::construct<class sf::Texture,class sf::Texture &>(class std::allocator<class sf::Texture> &,class sf::Texture * const,class sf::Texture &)" (??$construct@VTexture@sf@@AAV12@@?$_Default_allocator_traits@V?$allocator@VTexture@sf@@@std@@@std@@SAXAAV?$allocator@VTexture@sf@@@1@QAVTexture@sf@@AAV34@@Z)
main.obj : error LNK2019: unresolved external symbol "__declspec(dllimport) public: __thiscall sf::Texture::~Texture(void)" (__imp_??1Texture@sf@@QAE@XZ) referenced in function "public: __thiscall Enemy::Enemy(float,float,bool,float,float)" (??0Enemy@@QAE@MM_NMM@Z)
main.obj : error LNK2019: unresolved external symbol "__declspec(dllimport) public: bool __thiscall sf::Texture::loadFromFile(class std::basic_string<char,struct std::char_traits<char>,class std::allocator<char> > const &,class sf::Rect<int> const &)" (__imp_?loadFromFile@Texture@sf@@QAE_NABV?$basic_string@DU?$char_traits@D@std@@V?$allocator@D@2@@std@@ABV?$Rect@H@2@@Z) referenced in function "public: __thiscall Bullet::Bullet(float,float,class sf::Vector2<float> const &,class std::basic_string<char,struct std::char_traits<char>,class std::allocator<char> > const &)" (??0Bullet@@QAE@MMABV?$Vector2@M@sf@@ABV?$basic_string@DU?$char_traits@D@std@@V?$allocator@D@2@@std@@@Z)
main.obj : error LNK2019: unresolved external symbol "__declspec(dllimport) public: void __thiscall sf::Texture::setRepeated(bool)" (__imp_?setRepeated@Texture@sf@@QAEX_N@Z) referenced in function "public: __thiscall GamePlayState::GamePlayState(void)" (??0GamePlayState@@QAE@XZ)
main.obj : error LNK2019: unresolved external symbol "__declspec(dllimport) public: __thiscall sf::Font::Font(void)" (__imp_??0Font@sf@@QAE@XZ) referenced in function "public: __thiscall GamePlayState::GamePlayState(void)" (??0GamePlayState@@QAE@XZ)
main.obj : error LNK2019: unresolved external symbol "__declspec(dllimport) public: __thiscall sf::Font::~Font(void)" (__imp_??1Font@sf@@QAE@XZ) referenced in function __unwindfunclet$??0GamePlayState@@QAE@XZ$4
main.obj : error LNK2019: unresolved external symbol "__declspec(dllimport) public: bool __thiscall sf::Font::loadFromFile(class std::basic_string<char,struct std::char_traits<char>,class std::allocator<char> > const &)" (__imp_?loadFromFile@Font@sf@@QAE_NABV?$basic_string@DU?$char_traits@D@std@@V?$allocator@D@2@@std@@@Z) referenced in function "public: __thiscall GamePlayState::GamePlayState(void)" (??0GamePlayState@@QAE@XZ)
main.obj : error LNK2019: unresolved external symbol "__declspec(dllimport) public: __thiscall sf::RectangleShape::RectangleShape(class sf::Vector2<float> const &)" (__imp_??0RectangleShape@sf@@QAE@ABV?$Vector2@M@1@@Z) referenced in function "public: __thiscall GamePlayState::GamePlayState(void)" (??0GamePlayState@@QAE@XZ)
main.obj : error LNK2019: unresolved external symbol "__declspec(dllimport) public: void __thiscall sf::RectangleShape::setSize(class sf::Vector2<float> const &)" (__imp_?setSize@RectangleShape@sf@@QAEXABV?$Vector2@M@2@@Z) referenced in function "public: __thiscall GamePlayState::GamePlayState(void)" (??0GamePlayState@@QAE@XZ)
main.obj : error LNK2019: unresolved external symbol "__declspec(dllimport) public: virtual __thiscall sf::RectangleShape::~RectangleShape(void)" (__imp_??1RectangleShape@sf@@UAE@XZ) referenced in function __unwindfunclet$??0GamePlayState@@QAE@XZ$9
main.obj : error LNK2019: unresolved external symbol "__declspec(dllimport) public: __thiscall sf::View::View(void)" (__imp_??0View@sf@@QAE@XZ) referenced in function "public: __thiscall GamePlayState::GamePlayState(void)" (??0GamePlayState@@QAE@XZ)
main.obj : error LNK2019: unresolved external symbol "__declspec(dllimport) public: void __thiscall sf::View::setCenter(class sf::Vector2<float> const &)" (__imp_?setCenter@View@sf@@QAEXABV?$Vector2@M@2@@Z) referenced in function "public: virtual void __thiscall GamePlayState::update(void)" (?update@GamePlayState@@UAEXXZ)
main.obj : error LNK2019: unresolved external symbol "__declspec(dllimport) public: void __thiscall sf::View::setSize(class sf::Vector2<float> const &)" (__imp_?setSize@View@sf@@QAEXABV?$Vector2@M@2@@Z) referenced in function "public: __thiscall GamePlayState::GamePlayState(void)" (??0GamePlayState@@QAE@XZ)
main.obj : error LNK2019: unresolved external symbol "__declspec(dllimport) public: class sf::Vector2<float> const & __thiscall sf::View::getCenter(void)const " (__imp_?getCenter@View@sf@@QBEABV?$Vector2@M@2@XZ) referenced in function "private: void __thiscall GamePlayState::updateBackgroundScale(void)" (?updateBackgroundScale@GamePlayState@@AAEXXZ)
main.obj : error LNK2019: unresolved external symbol "__declspec(dllimport) public: class sf::Vector2<float> const & __thiscall sf::View::getSize(void)const " (__imp_?getSize@View@sf@@QBEABV?$Vector2@M@2@XZ) referenced in function "private: void __thiscall GamePlayState::updateBackgroundScale(void)" (?updateBackgroundScale@GamePlayState@@AAEXXZ)
main.obj : error LNK2019: unresolved external symbol "__declspec(dllimport) public: void __thiscall sf::View::zoom(float)" (__imp_?zoom@View@sf@@QAEXM@Z) referenced in function "public: __thiscall GamePlayState::GamePlayState(void)" (??0GamePlayState@@QAE@XZ)
main.obj : error LNK2019: unresolved external symbol "__declspec(dllimport) public: void __thiscall sf::RenderTarget::clear(class sf::Color const &)" (__imp_?clear@RenderTarget@sf@@QAEXABVColor@2@@Z) referenced in function "public: void __thiscall Game::run(void)" (?run@Game@@QAEXXZ)
main.obj : error LNK2019: unresolved external symbol "__declspec(dllimport) public: void __thiscall sf::RenderTarget::setView(class sf::View const &)" (__imp_?setView@RenderTarget@sf@@QAEXABVView@2@@Z) referenced in function "public: virtual void __thiscall GamePlayState::render(class sf::RenderWindow &)" (?render@GamePlayState@@UAEXAAVRenderWindow@sf@@@Z)
main.obj : error LNK2019: unresolved external symbol "__declspec(dllimport) public: class sf::View const & __thiscall sf::RenderTarget::getDefaultView(void)const " (__imp_?getDefaultView@RenderTarget@sf@@QBEABVView@2@XZ) referenced in function "public: virtual void __thiscall GamePlayState::render(class sf::RenderWindow &)" (?render@GamePlayState@@UAEXAAVRenderWindow@sf@@@Z)
main.obj : error LNK2019: unresolved external symbol "__declspec(dllimport) public: void __thiscall sf::RenderTarget::draw(class sf::Drawable const &,class sf::RenderStates const &)" (__imp_?draw@RenderTarget@sf@@QAEXABVDrawable@2@ABVRenderStates@2@@Z) referenced in function "public: void __thiscall Bullet::draw(class sf::RenderWindow &)" (?draw@Bullet@@QAEXAAVRenderWindow@sf@@@Z)
main.obj : error LNK2019: unresolved external symbol "__declspec(dllimport) public: __thiscall sf::RenderWindow::RenderWindow(class sf::VideoMode,class sf::String const &,unsigned int,struct sf::ContextSettings const &)" (__imp_??0RenderWindow@sf@@QAE@VVideoMode@1@ABVString@1@IABUContextSettings@1@@Z) referenced in function "public: __thiscall Game::Game(void)" (??0Game@@QAE@XZ)
main.obj : error LNK2019: unresolved external symbol "__declspec(dllimport) public: virtual __thiscall sf::RenderWindow::~RenderWindow(void)" (__imp_??1RenderWindow@sf@@UAE@XZ) referenced in function __unwindfunclet$??0Game@@QAE@XZ$2
main.obj : error LNK2019: unresolved external symbol "__declspec(dllimport) public: __thiscall sf::Sprite::Sprite(void)" (__imp_??0Sprite@sf@@QAE@XZ) referenced in function "public: __thiscall Bullet::Bullet(float,float,class sf::Vector2<float> const &,class std::basic_string<char,struct std::char_traits<char>,class std::allocator<char> > const &)" (??0Bullet@@QAE@MMABV?$Vector2@M@sf@@ABV?$basic_string@DU?$char_traits@D@std@@V?$allocator@D@2@@std@@@Z)
main.obj : error LNK2019: unresolved external symbol "__declspec(dllimport) public: void __thiscall sf::Sprite::setTexture(class sf::Texture const &,bool)" (__imp_?setTexture@Sprite@sf@@QAEXABVTexture@2@_N@Z) referenced in function "public: __thiscall Bullet::Bullet(float,float,class sf::Vector2<float> const &,class std::basic_string<char,struct std::char_traits<char>,class std::allocator<char> > const &)" (??0Bullet@@QAE@MMABV?$Vector2@M@sf@@ABV?$basic_string@DU?$char_traits@D@std@@V?$allocator@D@2@@std@@@Z)
main.obj : error LNK2019: unresolved external symbol "__declspec(dllimport) public: class sf::Rect<float> __thiscall sf::Sprite::getLocalBounds(void)const " (__imp_?getLocalBounds@Sprite@sf@@QBE?AV?$Rect@M@2@XZ) referenced in function "public: __thiscall Bullet::Bullet(float,float,class sf::Vector2<float> const &,class std::basic_string<char,struct std::char_traits<char>,class std::allocator<char> > const &)" (??0Bullet@@QAE@MMABV?$Vector2@M@sf@@ABV?$basic_string@DU?$char_traits@D@std@@V?$allocator@D@2@@std@@@Z)
main.obj : error LNK2019: unresolved external symbol "__declspec(dllimport) public: class sf::Rect<float> __thiscall sf::Sprite::getGlobalBounds(void)const " (__imp_?getGlobalBounds@Sprite@sf@@QBE?AV?$Rect@M@2@XZ) referenced in function "public: class sf::Rect<float> __thiscall Enemy::getBounds(void)const " (?getBounds@Enemy@@QBE?AV?$Rect@M@sf@@XZ)
main.obj : error LNK2019: unresolved external symbol "__declspec(dllimport) public: virtual __thiscall sf::Sprite::~Sprite(void)" (__imp_??1Sprite@sf@@UAE@XZ) referenced in function __unwindfunclet$??0Bullet@@QAE@MMABV?$Vector2@M@sf@@ABV?$basic_string@DU?$char_traits@D@std@@V?$allocator@D@2@@std@@@Z$0
main.obj : error LNK2019: unresolved external symbol "__declspec(dllimport) public: __thiscall sf::Text::Text(void)" (__imp_??0Text@sf@@QAE@XZ) referenced in function "public: __thiscall GamePlayState::GamePlayState(void)" (??0GamePlayState@@QAE@XZ)
main.obj : error LNK2019: unresolved external symbol "__declspec(dllimport) public: void __thiscall sf::Text::setString(class sf::String const &)" (__imp_?setString@Text@sf@@QAEXABVString@2@@Z) referenced in function "public: __thiscall GamePlayState::GamePlayState(void)" (??0GamePlayState@@QAE@XZ)
main.obj : error LNK2019: unresolved external symbol "__declspec(dllimport) public: void __thiscall sf::Text::setFont(class sf::Font const &)" (__imp_?setFont@Text@sf@@QAEXABVFont@2@@Z) referenced in function "public: __thiscall GamePlayState::GamePlayState(void)" (??0GamePlayState@@QAE@XZ)
main.obj : error LNK2019: unresolved external symbol "__declspec(dllimport) public: void __thiscall sf::Text::setCharacterSize(unsigned int)" (__imp_?setCharacterSize@Text@sf@@QAEXI@Z) referenced in function "public: __thiscall GamePlayState::GamePlayState(void)" (??0GamePlayState@@QAE@XZ)
main.obj : error LNK2019: unresolved external symbol "__declspec(dllimport) public: void __thiscall sf::Text::setFillColor(class sf::Color const &)" (__imp_?setFillColor@Text@sf@@QAEXABVColor@2@@Z) referenced in function "public: __thiscall GamePlayState::GamePlayState(void)" (??0GamePlayState@@QAE@XZ)
main.obj : error LNK2019: unresolved external symbol "__declspec(dllimport) public: class sf::Rect<float> __thiscall sf::Text::getLocalBounds(void)const " (__imp_?getLocalBounds@Text@sf@@QBE?AV?$Rect@M@2@XZ) referenced in function "public: __thiscall MenuState::MenuState(void)" (??0MenuState@@QAE@XZ)
main.obj : error LNK2019: unresolved external symbol "__declspec(dllimport) public: class sf::Rect<float> __thiscall sf::Text::getGlobalBounds(void)const " (__imp_?getGlobalBounds@Text@sf@@QBE?AV?$Rect@M@2@XZ) referenced in function "public: virtual void __thiscall MenuState::handleInput(class sf::RenderWindow &)" (?handleInput@MenuState@@UAEXAAVRenderWindow@sf@@@Z)
main.obj : error LNK2019: unresolved external symbol "__declspec(dllimport) public: virtual __thiscall sf::Text::~Text(void)" (__imp_??1Text@sf@@UAE@XZ) referenced in function __unwindfunclet$??0GamePlayState@@QAE@XZ$5
main.obj : error LNK2019: unresolved external symbol "__declspec(dllimport) public: void __thiscall sf::SoundSource::setVolume(float)" (__imp_?setVolume@SoundSource@sf@@QAEXM@Z) referenced in function "public: __thiscall BackgroundMusic::BackgroundMusic(void)" (??0BackgroundMusic@@QAE@XZ)
main.obj : error LNK2019: unresolved external symbol "__declspec(dllimport) public: void __thiscall sf::SoundStream::setLoop(bool)" (__imp_?setLoop@SoundStream@sf@@QAEX_N@Z) referenced in function "public: __thiscall BackgroundMusic::BackgroundMusic(void)" (??0BackgroundMusic@@QAE@XZ)
main.obj : error LNK2019: unresolved external symbol "__declspec(dllimport) public: __thiscall sf::Music::Music(void)" (__imp_??0Music@sf@@QAE@XZ) referenced in function "public: __thiscall BackgroundMusic::BackgroundMusic(void)" (??0BackgroundMusic@@QAE@XZ)
main.obj : error LNK2019: unresolved external symbol "__declspec(dllimport) public: virtual __thiscall sf::Music::~Music(void)" (__imp_??1Music@sf@@UAE@XZ) referenced in function __unwindfunclet$??0BackgroundMusic@@QAE@XZ$0
main.obj : error LNK2019: unresolved external symbol "__declspec(dllimport) public: bool __thiscall sf::Music::openFromFile(class std::basic_string<char,struct std::char_traits<char>,class std::allocator<char> > const &)" (__imp_?openFromFile@Music@sf@@QAE_NABV?$basic_string@DU?$char_traits@D@std@@V?$allocator@D@2@@std@@@Z) referenced in function "public: __thiscall BackgroundMusic::BackgroundMusic(void)" (??0BackgroundMusic@@QAE@XZ)
main.obj : error LNK2019: unresolved external symbol "__declspec(dllimport) public: static class sf::RenderStates const sf::RenderStates::Default" (__imp_?Default@RenderStates@sf@@2V12@B) referenced in function "public: void __thiscall Bullet::draw(class sf::RenderWindow &)" (?draw@Bullet@@QAEXAAVRenderWindow@sf@@@Z)
main.obj : error LNK2019: unresolved external symbol "__declspec(dllimport) public: static class sf::Color const sf::Color::Black" (__imp_?Black@Color@sf@@2V12@B) referenced in function "public: void __thiscall Game::run(void)" (?run@Game@@QAEXXZ)
main.obj : error LNK2019: unresolved external symbol "__declspec(dllimport) public: static class sf::Color const sf::Color::White" (__imp_?White@Color@sf@@2V12@B) referenced in function "public: __thiscall GamePlayState::GamePlayState(void)" (??0GamePlayState@@QAE@XZ)
main.obj : error LNK2019: unresolved external symbol "__declspec(dllimport) public: static class sf::Color const sf::Color::Red" (__imp_?Red@Color@sf@@2V12@B) referenced in function "public: __thiscall GamePlayState::GamePlayState(void)" (??0GamePlayState@@QAE@XZ)
main.obj : error LNK2019: unresolved external symbol "__declspec(dllimport) public: static class sf::Color const sf::Color::Green" (__imp_?Green@Color@sf@@2V12@B) referenced in function "public: __thiscall GamePlayState::GamePlayState(void)" (??0GamePlayState@@QAE@XZ)
main.obj : error LNK2019: unresolved external symbol "__declspec(dllimport) public: static class sf::Color const sf::Color::Yellow" (__imp_?Yellow@Color@sf@@2V12@B) referenced in function "public: virtual void __thiscall GamePlayState::render(class sf::RenderWindow &)" (?render@GamePlayState@@UAEXAAVRenderWindow@sf@@@Z)
C:\SFML-2.6.2-windows-vc17-64-bit\SFML-2.6.2\lib\sfml-system-d.lib : warning LNK4272: library machine type 'x64' conflicts with target machine type 'x86'
C:\SFML-2.6.2-windows-vc17-64-bit\SFML-2.6.2\lib\sfml-window-d.lib : warning LNK4272: library machine type 'x64' conflicts with target machine type 'x86'
C:\SFML-2.6.2-windows-vc17-64-bit\SFML-2.6.2\lib\sfml-graphics-d.lib : warning LNK4272: library machine type 'x64' conflicts with target machine type 'x86'
C:\SFML-2.6.2-windows-vc17-64-bit\SFML-2.6.2\lib\sfml-audio-d.lib : warning LNK4272: library machine type 'x64' conflicts with target machine type 'x86'
C:\SFML-2.6.2-windows-vc17-64-bit\SFML-2.6.2\lib\sfml-network-d.lib : warning LNK4272: library machine type 'x64' conflicts with target machine type 'x86'
E:\Project1\Debug\Project1.exe : fatal error LNK1120: 65 unresolved externals
